package mergecomplex

// ServiceBlended is the existing struct with partial fields.
type ServiceBlended struct {
	Logger Logger
	DB     Database
	Cache  Cache
}

// NewServiceBlended creates a new ServiceBlended.
func NewServiceBlended(logger Logger, db Database, cache Cache) *ServiceBlended {
	return &ServiceBlended{
		Logger: logger,
		DB:     db,
		Cache:  cache,
	}
}

// Start initializes the service with existing logic.
func (s *ServiceBlended) Start() error {
	s.Logger.Info("starting",
		"service",
	)
	s.validate()
	_ = s.DB.Ping()
	return nil
}

func (s *ServiceBlended) validate() {}

func (s *ServiceBlended) Switch(str string) {
	switch str {
	case "case1":
		s.Logger.Info("switching to case1")
	case "case2":
		s.Logger.Info("switching to case2")
	case "case3":
		s.Logger.Info("switching to case3")
	default:
		s.Logger.Info("switching to default case")
	}
}
